Archive member included to satisfy reference by file (symbol)

c:/program files (x86)/gnu tools arm embedded/5.4 2016q3/bin/../lib/gcc/arm-none-eabi/5.4.1/../../../../arm-none-eabi/lib/armv7-m\libc_nano.a(lib_a-exit.o)
                              c:/program files (x86)/gnu tools arm embedded/5.4 2016q3/bin/../lib/gcc/arm-none-eabi/5.4.1/../../../../arm-none-eabi/lib/armv7-m/crt0.o (exit)
c:/program files (x86)/gnu tools arm embedded/5.4 2016q3/bin/../lib/gcc/arm-none-eabi/5.4.1/../../../../arm-none-eabi/lib/armv7-m\libc_nano.a(lib_a-impure.o)
                              c:/program files (x86)/gnu tools arm embedded/5.4 2016q3/bin/../lib/gcc/arm-none-eabi/5.4.1/../../../../arm-none-eabi/lib/armv7-m\libc_nano.a(lib_a-exit.o) (_global_impure_ptr)
c:/program files (x86)/gnu tools arm embedded/5.4 2016q3/bin/../lib/gcc/arm-none-eabi/5.4.1/../../../../arm-none-eabi/lib/armv7-m\libc_nano.a(lib_a-init.o)
                              c:/program files (x86)/gnu tools arm embedded/5.4 2016q3/bin/../lib/gcc/arm-none-eabi/5.4.1/../../../../arm-none-eabi/lib/armv7-m/crt0.o (__libc_init_array)
c:/program files (x86)/gnu tools arm embedded/5.4 2016q3/bin/../lib/gcc/arm-none-eabi/5.4.1/../../../../arm-none-eabi/lib/armv7-m\libc_nano.a(lib_a-memset.o)
                              c:/program files (x86)/gnu tools arm embedded/5.4 2016q3/bin/../lib/gcc/arm-none-eabi/5.4.1/../../../../arm-none-eabi/lib/armv7-m/crt0.o (memset)
c:/program files (x86)/gnu tools arm embedded/5.4 2016q3/bin/../lib/gcc/arm-none-eabi/5.4.1/../../../../arm-none-eabi/lib/armv7-m\libnosys.a(_exit.o)
                              c:/program files (x86)/gnu tools arm embedded/5.4 2016q3/bin/../lib/gcc/arm-none-eabi/5.4.1/../../../../arm-none-eabi/lib/armv7-m\libc_nano.a(lib_a-exit.o) (_exit)

Allocating common symbols
Common symbol       size              file

uwTick              0x4               build/stm32f1xx_hal.o
pFlash              0x20              build/stm32f1xx_hal_flash.o

Discarded input sections

 .text          0x00000000        0x0 c:/program files (x86)/gnu tools arm embedded/5.4 2016q3/bin/../lib/gcc/arm-none-eabi/5.4.1/armv7-m/crti.o
 .data          0x00000000        0x0 c:/program files (x86)/gnu tools arm embedded/5.4 2016q3/bin/../lib/gcc/arm-none-eabi/5.4.1/armv7-m/crti.o
 .bss           0x00000000        0x0 c:/program files (x86)/gnu tools arm embedded/5.4 2016q3/bin/../lib/gcc/arm-none-eabi/5.4.1/armv7-m/crti.o
 .data          0x00000000        0x4 c:/program files (x86)/gnu tools arm embedded/5.4 2016q3/bin/../lib/gcc/arm-none-eabi/5.4.1/armv7-m/crtbegin.o
 .text          0x00000000       0x74 c:/program files (x86)/gnu tools arm embedded/5.4 2016q3/bin/../lib/gcc/arm-none-eabi/5.4.1/../../../../arm-none-eabi/lib/armv7-m/crt0.o
 .data          0x00000000        0x0 c:/program files (x86)/gnu tools arm embedded/5.4 2016q3/bin/../lib/gcc/arm-none-eabi/5.4.1/../../../../arm-none-eabi/lib/armv7-m/crt0.o
 .bss           0x00000000        0x0 c:/program files (x86)/gnu tools arm embedded/5.4 2016q3/bin/../lib/gcc/arm-none-eabi/5.4.1/../../../../arm-none-eabi/lib/armv7-m/crt0.o
 .ARM.extab     0x00000000        0x0 c:/program files (x86)/gnu tools arm embedded/5.4 2016q3/bin/../lib/gcc/arm-none-eabi/5.4.1/../../../../arm-none-eabi/lib/armv7-m/crt0.o
 .ARM.exidx     0x00000000        0x8 c:/program files (x86)/gnu tools arm embedded/5.4 2016q3/bin/../lib/gcc/arm-none-eabi/5.4.1/../../../../arm-none-eabi/lib/armv7-m/crt0.o
 .ARM.attributes
                0x00000000       0x1b c:/program files (x86)/gnu tools arm embedded/5.4 2016q3/bin/../lib/gcc/arm-none-eabi/5.4.1/../../../../arm-none-eabi/lib/armv7-m/crt0.o
 .group         0x00000000        0x8 build/main.o
 .group         0x00000000        0x8 build/main.o
 .group         0x00000000        0x8 build/main.o
 .group         0x00000000        0x8 build/main.o
 .group         0x00000000        0x8 build/main.o
 .group         0x00000000        0x8 build/main.o
 .group         0x00000000        0x8 build/main.o
 .group         0x00000000        0x8 build/main.o
 .group         0x00000000        0x8 build/main.o
 .group         0x00000000        0x8 build/main.o
 .group         0x00000000        0x8 build/main.o
 .group         0x00000000        0x8 build/main.o
 .group         0x00000000        0x8 build/main.o
 .group         0x00000000        0x8 build/main.o
 .group         0x00000000        0x8 build/main.o
 .group         0x00000000        0x8 build/main.o
 .group         0x00000000        0x8 build/main.o
 .group         0x00000000        0x8 build/main.o
 .group         0x00000000        0x8 build/main.o
 .group         0x00000000        0x8 build/main.o
 .group         0x00000000        0x8 build/main.o
 .group         0x00000000        0x8 build/main.o
 .group         0x00000000        0x8 build/main.o
 .group         0x00000000        0x8 build/main.o
 .group         0x00000000        0x8 build/main.o
 .group         0x00000000        0x8 build/main.o
[...]
Memory Configuration

Name             Origin             Length             Attributes
RAM              0x20000000         0x00005000         xrw
FLASH            0x08000000         0x00010000         xr
*default*        0x00000000         0xffffffff

Linker script and memory map

LOAD c:/program files (x86)/gnu tools arm embedded/5.4 2016q3/bin/../lib/gcc/arm-none-eabi/5.4.1/armv7-m/crti.o
LOAD c:/program files (x86)/gnu tools arm embedded/5.4 2016q3/bin/../lib/gcc/arm-none-eabi/5.4.1/armv7-m/crtbegin.o
LOAD c:/program files (x86)/gnu tools arm embedded/5.4 2016q3/bin/../lib/gcc/arm-none-eabi/5.4.1/../../../../arm-none-eabi/lib/armv7-m/crt0.o
LOAD build/main.o
LOAD build/encoder.o
LOAD build/gpio.o
LOAD build/stm32f1xx_it.o
LOAD build/stm32f1xx_hal_msp.o
LOAD build/system_stm32f1xx.o
LOAD build/stm32f1xx_hal_gpio_ex.o
LOAD build/stm32f1xx_hal_tim.o
LOAD build/stm32f1xx_hal_tim_ex.o
LOAD build/stm32f1xx_hal.o
LOAD build/stm32f1xx_hal_rcc.o
LOAD build/stm32f1xx_hal_rcc_ex.o
LOAD build/stm32f1xx_hal_gpio.o
LOAD build/stm32f1xx_hal_dma.o
LOAD build/stm32f1xx_hal_cortex.o
LOAD build/stm32f1xx_hal_pwr.o
LOAD build/stm32f1xx_hal_flash.o
LOAD build/stm32f1xx_hal_flash_ex.o
LOAD build/startup_stm32f103xb.o
LOAD c:/program files (x86)/gnu tools arm embedded/5.4 2016q3/bin/../lib/gcc/arm-none-eabi/5.4.1/../../../../arm-none-eabi/lib/armv7-m\libc_nano.a
LOAD c:/program files (x86)/gnu tools arm embedded/5.4 2016q3/bin/../lib/gcc/arm-none-eabi/5.4.1/../../../../arm-none-eabi/lib/armv7-m\libm.a
LOAD c:/program files (x86)/gnu tools arm embedded/5.4 2016q3/bin/../lib/gcc/arm-none-eabi/5.4.1/../../../../arm-none-eabi/lib/armv7-m\libnosys.a
START GROUP
LOAD c:/program files (x86)/gnu tools arm embedded/5.4 2016q3/bin/../lib/gcc/arm-none-eabi/5.4.1/armv7-m\libgcc.a
LOAD c:/program files (x86)/gnu tools arm embedded/5.4 2016q3/bin/../lib/gcc/arm-none-eabi/5.4.1/../../../../arm-none-eabi/lib/armv7-m\libc_nano.a
END GROUP
START GROUP
LOAD c:/program files (x86)/gnu tools arm embedded/5.4 2016q3/bin/../lib/gcc/arm-none-eabi/5.4.1/armv7-m\libgcc.a
LOAD c:/program files (x86)/gnu tools arm embedded/5.4 2016q3/bin/../lib/gcc/arm-none-eabi/5.4.1/../../../../arm-none-eabi/lib/armv7-m\libc_nano.a
END GROUP
LOAD c:/program files (x86)/gnu tools arm embedded/5.4 2016q3/bin/../lib/gcc/arm-none-eabi/5.4.1/armv7-m/crtend.o
LOAD c:/program files (x86)/gnu tools arm embedded/5.4 2016q3/bin/../lib/gcc/arm-none-eabi/5.4.1/armv7-m/crtn.o
                0x20005000                _estack = 0x20005000
                0x00000200                _Min_Heap_Size = 0x200
                0x00000400                _Min_Stack_Size = 0x400

.isr_vector     0x08000000      0x10c
                0x08000000                . = ALIGN (0x4)
 *(.isr_vector)
 .isr_vector    0x08000000      0x10c build/startup_stm32f103xb.o
                0x08000000                g_pfnVectors
                0x0800010c                . = ALIGN (0x4)

.text           0x0800010c     0x1378
                0x0800010c                . = ALIGN (0x4)
 *(.text)
 .text          0x0800010c       0x5c c:/program files (x86)/gnu tools arm embedded/5.4 2016q3/bin/../lib/gcc/arm-none-eabi/5.4.1/armv7-m/crtbegin.o
 *(.text*)
 .text.encoder_x_event_handler
                0x08000168       0x18 build/main.o
                0x08000168                encoder_x_event_handler
 .text.main     0x08000180       0x14 build/main.o
                0x08000180                main
 .text.SystemClock_Config
                0x08000194       0x90 build/main.o
                0x08000194                SystemClock_Config
 .text._Error_Handler
                0x08000224        0xc build/main.o
                0x08000224                _Error_Handler
 .text.encoder_gpio_event
                0x08000230       0xc8 build/encoder.o
                0x08000230                encoder_gpio_event
 .text.MX_GPIO_Init
                0x080002f8       0xb8 build/gpio.o
                0x080002f8                MX_GPIO_Init
 .text.NMI_Handler
                0x080003b0        0xc build/stm32f1xx_it.o
                0x080003b0                NMI_Handler
 .text.HardFault_Handler
                0x080003bc        0x8 build/stm32f1xx_it.o
                0x080003bc                HardFault_Handler
 .text.MemManage_Handler
                0x080003c4        0x8 build/stm32f1xx_it.o
                0x080003c4                MemManage_Handler
 .text.BusFault_Handler
                0x080003cc        0x8 build/stm32f1xx_it.o
                0x080003cc                BusFault_Handler
 .text.UsageFault_Handler
                0x080003d4        0x8 build/stm32f1xx_it.o
                0x080003d4                UsageFault_Handler
 .text.SVC_Handler
                0x080003dc        0xc build/stm32f1xx_it.o
                0x080003dc                SVC_Handler
 .text.DebugMon_Handler
                0x080003e8        0xc build/stm32f1xx_it.o
                0x080003e8                DebugMon_Handler
 .text.PendSV_Handler
                0x080003f4        0xc build/stm32f1xx_it.o
                0x080003f4                PendSV_Handler
 .text.SysTick_Handler
                0x08000400       0x10 build/stm32f1xx_it.o
                0x08000400                SysTick_Handler
 .text.EXTI1_IRQHandler
                0x08000410       0x30 build/stm32f1xx_it.o
                0x08000410                EXTI1_IRQHandler
 .text.EXTI15_10_IRQHandler
                0x08000440       0x54 build/stm32f1xx_it.o
                0x08000440                EXTI15_10_IRQHandler
 .text.HAL_MspInit
                0x08000494       0xbc build/stm32f1xx_hal_msp.o
                0x08000494                HAL_MspInit
 .text.SystemInit
                0x08000550       0x68 build/system_stm32f1xx.o
                0x08000550                SystemInit
 .text.HAL_Init
                0x080005b8       0x2c build/stm32f1xx_hal.o
                0x080005b8                HAL_Init
 .text.HAL_InitTick
                0x080005e4       0x60 build/stm32f1xx_hal.o
                0x080005e4                HAL_InitTick
 .text.HAL_IncTick
                0x08000644       0x24 build/stm32f1xx_hal.o
                0x08000644                HAL_IncTick
 .text.HAL_GetTick
                0x08000668       0x14 build/stm32f1xx_hal.o
                0x08000668                HAL_GetTick
 .text.HAL_RCC_OscConfig
                0x0800067c      0x4c8 build/stm32f1xx_hal_rcc.o
                0x0800067c                HAL_RCC_OscConfig
 .text.HAL_RCC_ClockConfig
                0x08000b44      0x1e8 build/stm32f1xx_hal_rcc.o
                0x08000b44                HAL_RCC_ClockConfig
 .text.HAL_RCC_GetSysClockFreq
                0x08000d2c       0xc8 build/stm32f1xx_hal_rcc.o
                0x08000d2c                HAL_RCC_GetSysClockFreq
 .text.HAL_RCC_GetHCLKFreq
                0x08000df4       0x14 build/stm32f1xx_hal_rcc.o
                0x08000df4                HAL_RCC_GetHCLKFreq
 .text.RCC_Delay
                0x08000e08       0x3c build/stm32f1xx_hal_rcc.o
 .text.HAL_GPIO_Init
                0x08000e44      0x2bc build/stm32f1xx_hal_gpio.o
                0x08000e44                HAL_GPIO_Init
 .text.HAL_GPIO_ReadPin
                0x08001100       0x30 build/stm32f1xx_hal_gpio.o
                0x08001100                HAL_GPIO_ReadPin
 .text.HAL_GPIO_EXTI_IRQHandler
                0x08001130       0x30 build/stm32f1xx_hal_gpio.o
                0x08001130                HAL_GPIO_EXTI_IRQHandler
 .text.HAL_GPIO_EXTI_Callback
                0x08001160       0x14 build/stm32f1xx_hal_gpio.o
                0x08001160                HAL_GPIO_EXTI_Callback
 .text.NVIC_SetPriorityGrouping
                0x08001174       0x48 build/stm32f1xx_hal_cortex.o
 .text.NVIC_GetPriorityGrouping
                0x080011bc       0x1c build/stm32f1xx_hal_cortex.o
 .text.NVIC_EnableIRQ
                0x080011d8       0x30 build/stm32f1xx_hal_cortex.o
 .text.NVIC_SetPriority
                0x08001208       0x54 build/stm32f1xx_hal_cortex.o
 .text.NVIC_EncodePriority
                0x0800125c       0x60 build/stm32f1xx_hal_cortex.o
 .text.SysTick_Config
                0x080012bc       0x44 build/stm32f1xx_hal_cortex.o
 .text.HAL_NVIC_SetPriorityGrouping
                0x08001300       0x18 build/stm32f1xx_hal_cortex.o
                0x08001300                HAL_NVIC_SetPriorityGrouping
 .text.HAL_NVIC_SetPriority
                0x08001318       0x38 build/stm32f1xx_hal_cortex.o
                0x08001318                HAL_NVIC_SetPriority
 .text.HAL_NVIC_EnableIRQ
                0x08001350       0x1c build/stm32f1xx_hal_cortex.o
                0x08001350                HAL_NVIC_EnableIRQ
 .text.HAL_SYSTICK_Config
                0x0800136c       0x18 build/stm32f1xx_hal_cortex.o
                0x0800136c                HAL_SYSTICK_Config
 .text.HAL_SYSTICK_CLKSourceConfig
                0x08001384       0x38 build/stm32f1xx_hal_cortex.o
                0x08001384                HAL_SYSTICK_CLKSourceConfig
 .text.HAL_SYSTICK_IRQHandler
                0x080013bc        0xc build/stm32f1xx_hal_cortex.o
                0x080013bc                HAL_SYSTICK_IRQHandler
 .text.HAL_SYSTICK_Callback
                0x080013c8        0xc build/stm32f1xx_hal_cortex.o
                0x080013c8                HAL_SYSTICK_Callback
 .text.Reset_Handler
                0x080013d4       0x48 build/startup_stm32f103xb.o
                0x080013d4                Reset_Handler
 .text.Default_Handler
                0x0800141c        0x2 build/startup_stm32f103xb.o
                0x0800141c                RTC_Alarm_IRQHandler
                0x0800141c                EXTI2_IRQHandler
                0x0800141c                TIM1_CC_IRQHandler
                0x0800141c                PVD_IRQHandler
                0x0800141c                EXTI3_IRQHandler
                0x0800141c                EXTI0_IRQHandler
                0x0800141c                I2C2_EV_IRQHandler
                0x0800141c                ADC1_2_IRQHandler
                0x0800141c                SPI1_IRQHandler
                0x0800141c                TAMPER_IRQHandler
                0x0800141c                DMA1_Channel4_IRQHandler
                0x0800141c                USART3_IRQHandler
                0x0800141c                RTC_IRQHandler
                0x0800141c                DMA1_Channel7_IRQHandler
                0x0800141c                CAN1_RX1_IRQHandler
                0x0800141c                TIM4_IRQHandler
                0x0800141c                I2C1_EV_IRQHandler
                0x0800141c                DMA1_Channel6_IRQHandler
                0x0800141c                TIM3_IRQHandler
                0x0800141c                RCC_IRQHandler
                0x0800141c                TIM1_TRG_COM_IRQHandler
                0x0800141c                DMA1_Channel1_IRQHandler
                0x0800141c                Default_Handler
                0x0800141c                EXTI9_5_IRQHandler
                0x0800141c                SPI2_IRQHandler
                0x0800141c                DMA1_Channel5_IRQHandler
                0x0800141c                EXTI4_IRQHandler
                0x0800141c                USB_LP_CAN1_RX0_IRQHandler
                0x0800141c                USB_HP_CAN1_TX_IRQHandler
                0x0800141c                DMA1_Channel3_IRQHandler
                0x0800141c                TIM1_UP_IRQHandler
                0x0800141c                WWDG_IRQHandler
                0x0800141c                TIM2_IRQHandler
                0x0800141c                TIM1_BRK_IRQHandler
                0x0800141c                USART2_IRQHandler
                0x0800141c                I2C2_ER_IRQHandler
                0x0800141c                DMA1_Channel2_IRQHandler
                0x0800141c                CAN1_SCE_IRQHandler
                0x0800141c                FLASH_IRQHandler
                0x0800141c                USART1_IRQHandler
                0x0800141c                I2C1_ER_IRQHandler
                0x0800141c                USBWakeUp_IRQHandler
 *fill*         0x0800141e        0x2 
 .text.__libc_init_array
                0x08001420       0x4c c:/program files (x86)/gnu tools arm embedded/5.4 2016q3/bin/../lib/gcc/arm-none-eabi/5.4.1/../../../../arm-none-eabi/lib/armv7-m\libc_nano.a(lib_a-init.o)
                0x08001420                __libc_init_array
 *(.glue_7)
 .glue_7        0x0800146c        0x0 linker stubs
 *(.glue_7t)
 .glue_7t       0x0800146c        0x0 linker stubs
 *(.eh_frame)
 .eh_frame      0x0800146c        0x0 c:/program files (x86)/gnu tools arm embedded/5.4 2016q3/bin/../lib/gcc/arm-none-eabi/5.4.1/armv7-m/crtbegin.o
 *(.init)
 .init          0x0800146c        0x4 c:/program files (x86)/gnu tools arm embedded/5.4 2016q3/bin/../lib/gcc/arm-none-eabi/5.4.1/armv7-m/crti.o
                0x0800146c                _init
 .init          0x08001470        0x8 c:/program files (x86)/gnu tools arm embedded/5.4 2016q3/bin/../lib/gcc/arm-none-eabi/5.4.1/armv7-m/crtn.o
 *(.fini)
 .fini          0x08001478        0x4 c:/program files (x86)/gnu tools arm embedded/5.4 2016q3/bin/../lib/gcc/arm-none-eabi/5.4.1/armv7-m/crti.o
                0x08001478                _fini
 .fini          0x0800147c        0x8 c:/program files (x86)/gnu tools arm embedded/5.4 2016q3/bin/../lib/gcc/arm-none-eabi/5.4.1/armv7-m/crtn.o
                0x08001484                . = ALIGN (0x4)
                0x08001484                _etext = .

.vfp11_veneer   0x08001484        0x0
 .vfp11_veneer  0x08001484        0x0 linker stubs

.v4_bx          0x08001484        0x0
 .v4_bx         0x08001484        0x0 linker stubs

.iplt           0x08001484        0x0
 .iplt          0x08001484        0x0 c:/program files (x86)/gnu tools arm embedded/5.4 2016q3/bin/../lib/gcc/arm-none-eabi/5.4.1/armv7-m/crtbegin.o

.rodata         0x08001484       0x30
                0x08001484                . = ALIGN (0x4)
 *(.rodata)
 .rodata        0x08001484        0xb build/main.o
 *fill*         0x0800148f        0x1 
 .rodata        0x08001490       0x12 build/stm32f1xx_hal_rcc.o
 *(.rodata*)
 *fill*         0x080014a2        0x2 
 .rodata.AHBPrescTable
                0x080014a4       0x10 build/system_stm32f1xx.o
                0x080014a4                AHBPrescTable
                0x080014b4                . = ALIGN (0x4)

.rel.dyn        0x080014b4        0x0
 .rel.iplt      0x080014b4        0x0 c:/program files (x86)/gnu tools arm embedded/5.4 2016q3/bin/../lib/gcc/arm-none-eabi/5.4.1/armv7-m/crtbegin.o

.ARM.extab
 *(.ARM.extab* .gnu.linkonce.armextab.*)

.ARM            0x080014b4        0x0
                0x080014b4                __exidx_start = .
 *(.ARM.exidx*)
                0x080014b4                __exidx_end = .

.preinit_array  0x080014b4        0x0
                0x080014b4                PROVIDE (__preinit_array_start, .)
 *(.preinit_array*)
                0x080014b4                PROVIDE (__preinit_array_end, .)

.init_array     0x080014b4        0x4
                0x080014b4                PROVIDE (__init_array_start, .)
 *(SORT(.init_array.*))
 *(.init_array*)
 .init_array    0x080014b4        0x4 c:/program files (x86)/gnu tools arm embedded/5.4 2016q3/bin/../lib/gcc/arm-none-eabi/5.4.1/armv7-m/crtbegin.o
                0x080014b8                PROVIDE (__init_array_end, .)

.fini_array     0x080014b8        0x4
                [!provide]                PROVIDE (__fini_array_start, .)
 *(SORT(.fini_array.*))
 *(.fini_array*)
 .fini_array    0x080014b8        0x4 c:/program files (x86)/gnu tools arm embedded/5.4 2016q3/bin/../lib/gcc/arm-none-eabi/5.4.1/armv7-m/crtbegin.o
                [!provide]                PROVIDE (__fini_array_end, .)
                0x080014bc                _sidata = LOADADDR (.data)

.data           0x20000000       0x28 load address 0x080014bc
                0x20000000                . = ALIGN (0x4)
                0x20000000                _sdata = .
 *(.data)
 *(.data*)
 .data.encoder_x
                0x20000000       0x1c build/main.o
                0x20000000                encoder_x
 .data.SystemCoreClock
                0x2000001c        0x4 build/system_stm32f1xx.o
                0x2000001c                SystemCoreClock
 .data.uwTickPrio
                0x20000020        0x4 build/stm32f1xx_hal.o
                0x20000020                uwTickPrio
 .data.uwTickFreq
                0x20000024        0x1 build/stm32f1xx_hal.o
                0x20000024                uwTickFreq
                0x20000028                . = ALIGN (0x4)
 *fill*         0x20000025        0x3 
                0x20000028                _edata = .

.jcr            0x20000028        0x0 load address 0x080014e4
 .jcr           0x20000028        0x0 c:/program files (x86)/gnu tools arm embedded/5.4 2016q3/bin/../lib/gcc/arm-none-eabi/5.4.1/armv7-m/crtbegin.o

.igot.plt       0x20000028        0x0 load address 0x080014e4
 .igot.plt      0x20000028        0x0 c:/program files (x86)/gnu tools arm embedded/5.4 2016q3/bin/../lib/gcc/arm-none-eabi/5.4.1/armv7-m/crtbegin.o
                0x20000028                . = ALIGN (0x4)

.bss            0x20000028       0x20 load address 0x080014e4
                0x20000028                _sbss = .
                0x20000028                __bss_start__ = _sbss
 *(.bss)
 .bss           0x20000028       0x1c c:/program files (x86)/gnu tools arm embedded/5.4 2016q3/bin/../lib/gcc/arm-none-eabi/5.4.1/armv7-m/crtbegin.o
 *(.bss*)
 *(COMMON)
 COMMON         0x20000044        0x4 build/stm32f1xx_hal.o
                0x20000044                uwTick
                0x20000048                . = ALIGN (0x4)
                0x20000048                _ebss = .
                0x20000048                __bss_end__ = _ebss

._user_heap_stack
                0x20000048      0x600 load address 0x080014e4
                0x20000048                . = ALIGN (0x8)
                [!provide]                PROVIDE (end, .)
                [!provide]                PROVIDE (_end, .)
                0x20000248                . = (. + _Min_Heap_Size)
 *fill*         0x20000048      0x200 
                0x20000648                . = (. + _Min_Stack_Size)
 *fill*         0x20000248      0x400 
                0x20000648                . = ALIGN (0x8)

/DISCARD/
 libc.a(*)
 libm.a(*)
 libgcc.a(*)

.ARM.attributes
                0x00000000       0x29
 *(.ARM.attributes)
 .ARM.attributes
                0x00000000       0x1d c:/program files (x86)/gnu tools arm embedded/5.4 2016q3/bin/../lib/gcc/arm-none-eabi/5.4.1/armv7-m/crti.o
 .ARM.attributes
                0x0000001d       0x2d c:/program files (x86)/gnu tools arm embedded/5.4 2016q3/bin/../lib/gcc/arm-none-eabi/5.4.1/armv7-m/crtbegin.o
 .ARM.attributes
                0x0000004a       0x33 build/main.o
 .ARM.attributes
                0x0000007d       0x33 build/encoder.o
 .ARM.attributes
                0x000000b0       0x33 build/gpio.o
 .ARM.attributes
                0x000000e3       0x33 build/stm32f1xx_it.o
 .ARM.attributes
                0x00000116       0x33 build/stm32f1xx_hal_msp.o
 .ARM.attributes
                0x00000149       0x33 build/system_stm32f1xx.o
 .ARM.attributes
                0x0000017c       0x33 build/stm32f1xx_hal.o
 .ARM.attributes
                0x000001af       0x33 build/stm32f1xx_hal_rcc.o
 .ARM.attributes
                0x000001e2       0x33 build/stm32f1xx_hal_gpio.o
 .ARM.attributes
                0x00000215       0x33 build/stm32f1xx_hal_cortex.o
 .ARM.attributes
                0x00000248       0x21 build/startup_stm32f103xb.o
 .ARM.attributes
                0x00000269       0x2d c:/program files (x86)/gnu tools arm embedded/5.4 2016q3/bin/../lib/gcc/arm-none-eabi/5.4.1/../../../../arm-none-eabi/lib/armv7-m\libc_nano.a(lib_a-init.o)
 .ARM.attributes
                0x00000296       0x1d c:/program files (x86)/gnu tools arm embedded/5.4 2016q3/bin/../lib/gcc/arm-none-eabi/5.4.1/armv7-m/crtn.o
OUTPUT(build/lathe.elf elf32-littlearm)

.debug_info     0x00000000     0x3a22
 .debug_info    0x00000000      0x59f build/main.o
 .debug_info    0x0000059f      0x2a7 build/encoder.o
 .debug_info    0x00000846      0x417 build/gpio.o
 .debug_info    0x00000c5d      0x3c1 build/stm32f1xx_it.o
 .debug_info    0x0000101e      0x39e build/stm32f1xx_hal_msp.o
 .debug_info    0x000013bc      0x43a build/system_stm32f1xx.o
 .debug_info    0x000017f6      0x73a build/stm32f1xx_hal.o
 .debug_info    0x00001f30      0x897 build/stm32f1xx_hal_rcc.o
 .debug_info    0x000027c7      0x667 build/stm32f1xx_hal_gpio.o
 .debug_info    0x00002e2e      0xb9a build/stm32f1xx_hal_cortex.o
 .debug_info    0x000039c8       0x5a build/startup_stm32f103xb.o

.debug_abbrev   0x00000000      0xf89
 .debug_abbrev  0x00000000      0x16e build/main.o
 .debug_abbrev  0x0000016e      0x122 build/encoder.o
 .debug_abbrev  0x00000290      0x115 build/gpio.o
 .debug_abbrev  0x000003a5      0x125 build/stm32f1xx_it.o
 .debug_abbrev  0x000004ca       0xfc build/stm32f1xx_hal_msp.o
 .debug_abbrev  0x000005c6      0x127 build/system_stm32f1xx.o
 .debug_abbrev  0x000006ed      0x1eb build/stm32f1xx_hal.o
 .debug_abbrev  0x000008d8      0x263 build/stm32f1xx_hal_rcc.o
 .debug_abbrev  0x00000b3b      0x1b1 build/stm32f1xx_hal_gpio.o
 .debug_abbrev  0x00000cec      0x28b build/stm32f1xx_hal_cortex.o
 .debug_abbrev  0x00000f77       0x12 build/startup_stm32f103xb.o

.debug_loc      0x00000000     0x1b1e
 .debug_loc     0x00000000      0x112 build/main.o
 .debug_loc     0x00000112       0x50 build/encoder.o
 .debug_loc     0x00000162       0x50 build/gpio.o
 .debug_loc     0x000001b2      0x244 build/stm32f1xx_it.o
 .debug_loc     0x000003f6       0x50 build/stm32f1xx_hal_msp.o
 .debug_loc     0x00000446       0xa0 build/system_stm32f1xx.o
 .debug_loc     0x000004e6      0x628 build/stm32f1xx_hal.o
 .debug_loc     0x00000b0e      0x444 build/stm32f1xx_hal_rcc.o
 .debug_loc     0x00000f52      0x2d4 build/stm32f1xx_hal_gpio.o
 .debug_loc     0x00001226      0x8f8 build/stm32f1xx_hal_cortex.o

.debug_aranges  0x00000000      0x410
 .debug_aranges
                0x00000000       0x38 build/main.o
 .debug_aranges
                0x00000038       0x20 build/encoder.o
 .debug_aranges
                0x00000058       0x20 build/gpio.o
 .debug_aranges
                0x00000078       0x70 build/stm32f1xx_it.o
 .debug_aranges
                0x000000e8       0x20 build/stm32f1xx_hal_msp.o
 .debug_aranges
                0x00000108       0x28 build/system_stm32f1xx.o
 .debug_aranges
                0x00000130       0xd0 build/stm32f1xx_hal.o
 .debug_aranges
                0x00000200       0x90 build/stm32f1xx_hal_rcc.o
 .debug_aranges
                0x00000290       0x58 build/stm32f1xx_hal_gpio.o
 .debug_aranges
                0x000002e8      0x100 build/stm32f1xx_hal_cortex.o
 .debug_aranges
                0x000003e8       0x28 build/startup_stm32f103xb.o

.debug_ranges   0x00000000      0x368
 .debug_ranges  0x00000000       0x28 build/main.o
 .debug_ranges  0x00000028       0x10 build/encoder.o
 .debug_ranges  0x00000038       0x10 build/gpio.o
 .debug_ranges  0x00000048       0x60 build/stm32f1xx_it.o
 .debug_ranges  0x000000a8       0x10 build/stm32f1xx_hal_msp.o
 .debug_ranges  0x000000b8       0x18 build/system_stm32f1xx.o
 .debug_ranges  0x000000d0       0xc0 build/stm32f1xx_hal.o
 .debug_ranges  0x00000190       0x80 build/stm32f1xx_hal_rcc.o
 .debug_ranges  0x00000210       0x48 build/stm32f1xx_hal_gpio.o
 .debug_ranges  0x00000258       0xf0 build/stm32f1xx_hal_cortex.o
 .debug_ranges  0x00000348       0x20 build/startup_stm32f103xb.o

.debug_macro    0x00000000    0x14081
 .debug_macro   0x00000000      0x2d9 build/main.o
 .debug_macro   0x000002d9      0x874 build/main.o
 .debug_macro   0x00000b4d       0x10 build/main.o
 .debug_macro   0x00000b5d      0x15d build/main.o
 .debug_macro   0x00000cba       0x2e build/main.o
 .debug_macro   0x00000ce8       0x22 build/main.o
 .debug_macro   0x00000d0a       0x22 build/main.o
 .debug_macro   0x00000d2c       0x87 build/main.o
 .debug_macro   0x00000db3       0x44 build/main.o
 .debug_macro   0x00000df7       0xfd build/main.o
 .debug_macro   0x00000ef4       0x5e build/main.o
 .debug_macro   0x00000f52      0x1df build/main.o
 .debug_macro   0x00001131       0x34 build/main.o
 .debug_macro   0x00001165       0x34 build/main.o
 .debug_macro   0x00001199      0xb8e build/main.o
 .debug_macro   0x00001d27     0xe90a build/main.o
 .debug_macro   0x00010631       0x43 build/main.o
 .debug_macro   0x00010674       0x52 build/main.o
 .debug_macro   0x000106c6       0x35 build/main.o
 .debug_macro   0x000106fb       0x9c build/main.o
 .debug_macro   0x00010797       0x16 build/main.o
 .debug_macro   0x000107ad       0x97 build/main.o
 .debug_macro   0x00010844      0x30d build/main.o
 .debug_macro   0x00010b51       0xfd build/main.o
 .debug_macro   0x00010c4e       0x10 build/main.o
 .debug_macro   0x00010c5e       0x52 build/main.o
 .debug_macro   0x00010cb0       0x1f build/main.o
 .debug_macro   0x00010ccf       0x43 build/main.o
 .debug_macro   0x00010d12       0x20 build/main.o
 .debug_macro   0x00010d32      0x187 build/main.o
 .debug_macro   0x00010eb9       0x10 build/main.o
 .debug_macro   0x00010ec9       0x1c build/main.o
 .debug_macro   0x00010ee5       0x52 build/main.o
 .debug_macro   0x00010f37       0x40 build/main.o
 .debug_macro   0x00010f77       0x10 build/main.o
 .debug_macro   0x00010f87       0x40 build/main.o
 .debug_macro   0x00010fc7       0xd7 build/main.o
 .debug_macro   0x0001109e       0x16 build/main.o
 .debug_macro   0x000110b4      0x18b build/main.o
 .debug_macro   0x0001123f       0x57 build/main.o
 .debug_macro   0x00011296      0x5c2 build/main.o
 .debug_macro   0x00011858      0x28a build/main.o
 .debug_macro   0x00011ae2      0x1cb build/main.o
 .debug_macro   0x00011cad      0x11e build/main.o
 .debug_macro   0x00011dcb      0x1b3 build/main.o
 .debug_macro   0x00011f7e       0x27 build/main.o
 .debug_macro   0x00011fa5      0x1bc build/main.o
 .debug_macro   0x00012161       0x34 build/main.o
 .debug_macro   0x00012195       0x3c build/main.o
 .debug_macro   0x000121d1       0x57 build/main.o
 .debug_macro   0x00012228       0x8c build/main.o
 .debug_macro   0x000122b4      0x242 build/main.o
 .debug_macro   0x000124f6      0x143 build/main.o
 .debug_macro   0x00012639       0x83 build/main.o
 .debug_macro   0x000126bc      0x2cb build/encoder.o
 .debug_macro   0x00012987       0x3a build/encoder.o
 .debug_macro   0x000129c1      0x2c7 build/gpio.o
 .debug_macro   0x00012c88      0x2df build/stm32f1xx_it.o
 .debug_macro   0x00012f67      0x2bd build/stm32f1xx_hal_msp.o
 .debug_macro   0x00013224      0x2c3 build/system_stm32f1xx.o
 .debug_macro   0x000134e7      0x2e1 build/stm32f1xx_hal.o
 .debug_macro   0x000137c8      0x2cf build/stm32f1xx_hal_rcc.o
 .debug_macro   0x00013a97      0x32d build/stm32f1xx_hal_gpio.o
 .debug_macro   0x00013dc4      0x2bd build/stm32f1xx_hal_cortex.o

.debug_line     0x00000000     0x3f6f
 .debug_line    0x00000000      0x58c build/main.o
 .debug_line    0x0000058c      0x56c build/encoder.o
 .debug_line    0x00000af8      0x53d build/gpio.o
 .debug_line    0x00001035      0x62c build/stm32f1xx_it.o
 .debug_line    0x00001661      0x53c build/stm32f1xx_hal_msp.o
 .debug_line    0x00001b9d      0x56f build/system_stm32f1xx.o
 .debug_line    0x0000210c      0x6f9 build/stm32f1xx_hal.o
 .debug_line    0x00002805      0x7df build/stm32f1xx_hal_rcc.o
 .debug_line    0x00002fe4      0x731 build/stm32f1xx_hal_gpio.o
 .debug_line    0x00003715      0x7e8 build/stm32f1xx_hal_cortex.o
 .debug_line    0x00003efd       0x72 build/startup_stm32f103xb.o

.debug_str      0x00000000    0x678de
 .debug_str     0x00000000    0x66979 build/main.o
                              0x66cc4 (size before relaxing)
 .debug_str     0x00066979       0x40 build/encoder.o
                              0x66885 (size before relaxing)
 .debug_str     0x000669b9       0x8a build/gpio.o
                              0x66aee (size before relaxing)
 .debug_str     0x00066a43       0xf8 build/stm32f1xx_it.o
                              0x66951 (size before relaxing)
 .debug_str     0x00066b3b       0x52 build/stm32f1xx_hal_msp.o
                              0x66ac2 (size before relaxing)
 .debug_str     0x00066b8d       0xf0 build/system_stm32f1xx.o
                              0x6689c (size before relaxing)
 .debug_str     0x00066c7d      0x420 build/stm32f1xx_hal.o
                              0x66ee2 (size before relaxing)
 .debug_str     0x0006709d      0x25b build/stm32f1xx_hal_rcc.o
                              0x66c1f (size before relaxing)
 .debug_str     0x000672f8      0x327 build/stm32f1xx_hal_gpio.o
                              0x66bb3 (size before relaxing)
 .debug_str     0x0006761f      0x2bf build/stm32f1xx_hal_cortex.o
                              0x66e7e (size before relaxing)

.comment        0x00000000       0x6e
 .comment       0x00000000       0x6e build/main.o
                                 0x6f (size before relaxing)
 .comment       0x0000006e       0x6f build/encoder.o
 .comment       0x0000006e       0x6f build/gpio.o
 .comment       0x0000006e       0x6f build/stm32f1xx_it.o
 .comment       0x0000006e       0x6f build/stm32f1xx_hal_msp.o
 .comment       0x0000006e       0x6f build/system_stm32f1xx.o
 .comment       0x0000006e       0x6f build/stm32f1xx_hal.o
 .comment       0x0000006e       0x6f build/stm32f1xx_hal_rcc.o
 .comment       0x0000006e       0x6f build/stm32f1xx_hal_gpio.o
 .comment       0x0000006e       0x6f build/stm32f1xx_hal_cortex.o

.debug_frame    0x00000000      0xe68
 .debug_frame   0x00000000       0x98 build/main.o
 .debug_frame   0x00000098       0x38 build/encoder.o
 .debug_frame   0x000000d0       0x38 build/gpio.o
 .debug_frame   0x00000108      0x164 build/stm32f1xx_it.o
 .debug_frame   0x0000026c       0x38 build/stm32f1xx_hal_msp.o
 .debug_frame   0x000002a4       0x5c build/system_stm32f1xx.o
 .debug_frame   0x00000300      0x34c build/stm32f1xx_hal.o
 .debug_frame   0x0000064c      0x23c build/stm32f1xx_hal_rcc.o
 .debug_frame   0x00000888      0x154 build/stm32f1xx_hal_gpio.o
 .debug_frame   0x000009dc      0x460 build/stm32f1xx_hal_cortex.o
 .debug_frame   0x00000e3c       0x2c c:/program files (x86)/gnu tools arm embedded/5.4 2016q3/bin/../lib/gcc/arm-none-eabi/5.4.1/../../../../arm-none-eabi/lib/armv7-m\libc_nano.a(lib_a-init.o)

Cross Reference Table

Symbol                                            File
ADC1_2_IRQHandler                                 build/startup_stm32f103xb.o
AHBPrescTable                                     build/system_stm32f1xx.o
                                                  build/stm32f1xx_hal_rcc.o
APBPrescTable                                     build/system_stm32f1xx.o
                                                  build/stm32f1xx_hal_rcc.o
BusFault_Handler                                  build/stm32f1xx_it.o
CAN1_RX1_IRQHandler                               build/startup_stm32f103xb.o
CAN1_SCE_IRQHandler                               build/startup_stm32f103xb.o
DMA1_Channel1_IRQHandler                          build/startup_stm32f103xb.o
DMA1_Channel2_IRQHandler                          build/startup_stm32f103xb.o
DMA1_Channel3_IRQHandler                          build/startup_stm32f103xb.o
DMA1_Channel4_IRQHandler                          build/startup_stm32f103xb.o
DMA1_Channel5_IRQHandler                          build/startup_stm32f103xb.o
DMA1_Channel6_IRQHandler                          build/startup_stm32f103xb.o
DMA1_Channel7_IRQHandler                          build/startup_stm32f103xb.o
DebugMon_Handler                                  build/stm32f1xx_it.o
Default_Handler                                   build/startup_stm32f103xb.o
EXTI0_IRQHandler                                  build/startup_stm32f103xb.o
EXTI15_10_IRQHandler                              build/stm32f1xx_it.o
EXTI1_IRQHandler                                  build/stm32f1xx_it.o
EXTI2_IRQHandler                                  build/startup_stm32f103xb.o
EXTI3_IRQHandler                                  build/startup_stm32f103xb.o
EXTI4_IRQHandler                                  build/startup_stm32f103xb.o
EXTI9_5_IRQHandler                                build/startup_stm32f103xb.o
FLASH_IRQHandler                                  build/startup_stm32f103xb.o
FLASH_PageErase                                   build/stm32f1xx_hal_flash_ex.o
                                                  build/stm32f1xx_hal_flash.o
FLASH_WaitForLastOperation                        build/stm32f1xx_hal_flash.o
                                                  build/stm32f1xx_hal_flash_ex.o
HAL_DBGMCU_DisableDBGSleepMode                    build/stm32f1xx_hal.o
HAL_DBGMCU_DisableDBGStandbyMode                  build/stm32f1xx_hal.o
HAL_DBGMCU_DisableDBGStopMode                     build/stm32f1xx_hal.o
HAL_DBGMCU_EnableDBGSleepMode                     build/stm32f1xx_hal.o
HAL_DBGMCU_EnableDBGStandbyMode                   build/stm32f1xx_hal.o
HAL_DBGMCU_EnableDBGStopMode                      build/stm32f1xx_hal.o
HAL_DMA_Abort                                     build/stm32f1xx_hal_dma.o
HAL_DMA_Abort_IT                                  build/stm32f1xx_hal_dma.o
HAL_DMA_DeInit                                    build/stm32f1xx_hal_dma.o
HAL_DMA_GetError                                  build/stm32f1xx_hal_dma.o
HAL_DMA_GetState                                  build/stm32f1xx_hal_dma.o
HAL_DMA_IRQHandler                                build/stm32f1xx_hal_dma.o
HAL_DMA_Init                                      build/stm32f1xx_hal_dma.o
HAL_DMA_PollForTransfer                           build/stm32f1xx_hal_dma.o
HAL_DMA_RegisterCallback                          build/stm32f1xx_hal_dma.o
HAL_DMA_Start                                     build/stm32f1xx_hal_dma.o
HAL_DMA_Start_IT                                  build/stm32f1xx_hal_dma.o
HAL_DMA_UnRegisterCallback                        build/stm32f1xx_hal_dma.o
HAL_DeInit                                        build/stm32f1xx_hal.o
HAL_Delay                                         build/stm32f1xx_hal.o
HAL_FLASHEx_Erase                                 build/stm32f1xx_hal_flash_ex.o
HAL_FLASHEx_Erase_IT                              build/stm32f1xx_hal_flash_ex.o
HAL_FLASHEx_OBErase                               build/stm32f1xx_hal_flash_ex.o
HAL_FLASHEx_OBGetConfig                           build/stm32f1xx_hal_flash_ex.o
HAL_FLASHEx_OBGetUserData                         build/stm32f1xx_hal_flash_ex.o
HAL_FLASHEx_OBProgram                             build/stm32f1xx_hal_flash_ex.o
HAL_FLASH_EndOfOperationCallback                  build/stm32f1xx_hal_flash.o
HAL_FLASH_GetError                                build/stm32f1xx_hal_flash.o
HAL_FLASH_IRQHandler                              build/stm32f1xx_hal_flash.o
HAL_FLASH_Lock                                    build/stm32f1xx_hal_flash.o
HAL_FLASH_OB_Launch                               build/stm32f1xx_hal_flash.o
HAL_FLASH_OB_Lock                                 build/stm32f1xx_hal_flash.o
HAL_FLASH_OB_Unlock                               build/stm32f1xx_hal_flash.o
HAL_FLASH_OperationErrorCallback                  build/stm32f1xx_hal_flash.o
HAL_FLASH_Program                                 build/stm32f1xx_hal_flash.o
HAL_FLASH_Program_IT                              build/stm32f1xx_hal_flash.o
HAL_FLASH_Unlock                                  build/stm32f1xx_hal_flash.o
HAL_GPIOEx_ConfigEventout                         build/stm32f1xx_hal_gpio_ex.o
HAL_GPIOEx_DisableEventout                        build/stm32f1xx_hal_gpio_ex.o
HAL_GPIOEx_EnableEventout                         build/stm32f1xx_hal_gpio_ex.o
HAL_GPIO_DeInit                                   build/stm32f1xx_hal_gpio.o
HAL_GPIO_EXTI_Callback                            build/stm32f1xx_hal_gpio.o
HAL_GPIO_EXTI_IRQHandler                          build/stm32f1xx_hal_gpio.o
                                                  build/stm32f1xx_it.o
HAL_GPIO_Init                                     build/stm32f1xx_hal_gpio.o
                                                  build/stm32f1xx_hal_rcc.o
                                                  build/gpio.o
HAL_GPIO_LockPin                                  build/stm32f1xx_hal_gpio.o
HAL_GPIO_ReadPin                                  build/stm32f1xx_hal_gpio.o
                                                  build/encoder.o
HAL_GPIO_TogglePin                                build/stm32f1xx_hal_gpio.o
HAL_GPIO_WritePin                                 build/stm32f1xx_hal_gpio.o
HAL_GetDEVID                                      build/stm32f1xx_hal.o
HAL_GetHalVersion                                 build/stm32f1xx_hal.o
HAL_GetREVID                                      build/stm32f1xx_hal.o
HAL_GetTick                                       build/stm32f1xx_hal.o
                                                  build/stm32f1xx_hal_flash.o
                                                  build/stm32f1xx_hal_dma.o
                                                  build/stm32f1xx_hal_rcc_ex.o
                                                  build/stm32f1xx_hal_rcc.o
HAL_GetTickFreq                                   build/stm32f1xx_hal.o
HAL_GetTickPrio                                   build/stm32f1xx_hal.o
HAL_GetUID                                        build/stm32f1xx_hal.o
HAL_IncTick                                       build/stm32f1xx_hal.o
                                                  build/stm32f1xx_it.o
HAL_Init                                          build/stm32f1xx_hal.o
                                                  build/main.o
HAL_InitTick                                      build/stm32f1xx_hal.o
                                                  build/stm32f1xx_hal_rcc.o
HAL_MspDeInit                                     build/stm32f1xx_hal.o
HAL_MspInit                                       build/stm32f1xx_hal_msp.o
HAL_NVIC_ClearPendingIRQ                          build/stm32f1xx_hal_cortex.o
HAL_NVIC_DisableIRQ                               build/stm32f1xx_hal_cortex.o
HAL_NVIC_EnableIRQ                                build/stm32f1xx_hal_cortex.o
                                                  build/gpio.o
HAL_NVIC_GetActive                                build/stm32f1xx_hal_cortex.o
HAL_NVIC_GetPendingIRQ                            build/stm32f1xx_hal_cortex.o
HAL_NVIC_GetPriority                              build/stm32f1xx_hal_cortex.o
HAL_NVIC_GetPriorityGrouping                      build/stm32f1xx_hal_cortex.o
HAL_NVIC_SetPendingIRQ                            build/stm32f1xx_hal_cortex.o
HAL_NVIC_SetPriority                              build/stm32f1xx_hal_cortex.o
                                                  build/stm32f1xx_hal.o
                                                  build/stm32f1xx_hal_msp.o
                                                  build/gpio.o
                                                  build/main.o
HAL_NVIC_SetPriorityGrouping                      build/stm32f1xx_hal_cortex.o
                                                  build/stm32f1xx_hal.o
                                                  build/stm32f1xx_hal_msp.o
HAL_NVIC_SystemReset                              build/stm32f1xx_hal_cortex.o
                                                  build/stm32f1xx_hal_flash.o
HAL_PWR_ConfigPVD                                 build/stm32f1xx_hal_pwr.o
HAL_PWR_DeInit                                    build/stm32f1xx_hal_pwr.o
HAL_PWR_DisableBkUpAccess                         build/stm32f1xx_hal_pwr.o
HAL_PWR_DisablePVD                                build/stm32f1xx_hal_pwr.o
HAL_PWR_DisableSEVOnPend                          build/stm32f1xx_hal_pwr.o
HAL_PWR_DisableSleepOnExit                        build/stm32f1xx_hal_pwr.o
HAL_PWR_DisableWakeUpPin                          build/stm32f1xx_hal_pwr.o
HAL_PWR_EnableBkUpAccess                          build/stm32f1xx_hal_pwr.o
HAL_PWR_EnablePVD                                 build/stm32f1xx_hal_pwr.o
HAL_PWR_EnableSEVOnPend                           build/stm32f1xx_hal_pwr.o
HAL_PWR_EnableSleepOnExit                         build/stm32f1xx_hal_pwr.o
HAL_PWR_EnableWakeUpPin                           build/stm32f1xx_hal_pwr.o
HAL_PWR_EnterSLEEPMode                            build/stm32f1xx_hal_pwr.o
HAL_PWR_EnterSTANDBYMode                          build/stm32f1xx_hal_pwr.o
HAL_PWR_EnterSTOPMode                             build/stm32f1xx_hal_pwr.o
HAL_PWR_PVDCallback                               build/stm32f1xx_hal_pwr.o
HAL_PWR_PVD_IRQHandler                            build/stm32f1xx_hal_pwr.o
HAL_RCCEx_GetPeriphCLKConfig                      build/stm32f1xx_hal_rcc_ex.o
HAL_RCCEx_GetPeriphCLKFreq                        build/stm32f1xx_hal_rcc_ex.o
HAL_RCCEx_PeriphCLKConfig                         build/stm32f1xx_hal_rcc_ex.o
HAL_RCC_CSSCallback                               build/stm32f1xx_hal_rcc.o
HAL_RCC_ClockConfig                               build/stm32f1xx_hal_rcc.o
                                                  build/main.o
HAL_RCC_DeInit                                    build/stm32f1xx_hal_rcc.o
HAL_RCC_DisableCSS                                build/stm32f1xx_hal_rcc.o
HAL_RCC_EnableCSS                                 build/stm32f1xx_hal_rcc.o
HAL_RCC_GetClockConfig                            build/stm32f1xx_hal_rcc.o
HAL_RCC_GetHCLKFreq                               build/stm32f1xx_hal_rcc.o
                                                  build/main.o
HAL_RCC_GetOscConfig                              build/stm32f1xx_hal_rcc.o
HAL_RCC_GetPCLK1Freq                              build/stm32f1xx_hal_rcc.o
HAL_RCC_GetPCLK2Freq                              build/stm32f1xx_hal_rcc.o
                                                  build/stm32f1xx_hal_rcc_ex.o
HAL_RCC_GetSysClockFreq                           build/stm32f1xx_hal_rcc.o
HAL_RCC_MCOConfig                                 build/stm32f1xx_hal_rcc.o
HAL_RCC_NMI_IRQHandler                            build/stm32f1xx_hal_rcc.o
HAL_RCC_OscConfig                                 build/stm32f1xx_hal_rcc.o
                                                  build/main.o
HAL_ResumeTick                                    build/stm32f1xx_hal.o
HAL_SYSTICK_CLKSourceConfig                       build/stm32f1xx_hal_cortex.o
                                                  build/main.o
HAL_SYSTICK_Callback                              build/stm32f1xx_hal_cortex.o
HAL_SYSTICK_Config                                build/stm32f1xx_hal_cortex.o
                                                  build/stm32f1xx_hal.o
                                                  build/main.o
HAL_SYSTICK_IRQHandler                            build/stm32f1xx_hal_cortex.o
                                                  build/stm32f1xx_it.o
HAL_SetTickFreq                                   build/stm32f1xx_hal.o
HAL_SuspendTick                                   build/stm32f1xx_hal.o
HardFault_Handler                                 build/stm32f1xx_it.o
I2C1_ER_IRQHandler                                build/startup_stm32f103xb.o
I2C1_EV_IRQHandler                                build/startup_stm32f103xb.o
I2C2_ER_IRQHandler                                build/startup_stm32f103xb.o
I2C2_EV_IRQHandler                                build/startup_stm32f103xb.o
MX_GPIO_Init                                      build/gpio.o
                                                  build/main.o
MemManage_Handler                                 build/stm32f1xx_it.o
NMI_Handler                                       build/stm32f1xx_it.o
PVD_IRQHandler                                    build/startup_stm32f103xb.o
PendSV_Handler                                    build/stm32f1xx_it.o
RCC_IRQHandler                                    build/startup_stm32f103xb.o
RTC_Alarm_IRQHandler                              build/startup_stm32f103xb.o
RTC_IRQHandler                                    build/startup_stm32f103xb.o
Reset_Handler                                     build/startup_stm32f103xb.o
SPI1_IRQHandler                                   build/startup_stm32f103xb.o
SPI2_IRQHandler                                   build/startup_stm32f103xb.o
SVC_Handler                                       build/stm32f1xx_it.o
SysTick_Handler                                   build/stm32f1xx_it.o
SystemClock_Config                                build/main.o
SystemCoreClock                                   build/system_stm32f1xx.o
                                                  build/stm32f1xx_hal_rcc.o
                                                  build/stm32f1xx_hal.o
SystemCoreClockUpdate                             build/system_stm32f1xx.o
SystemInit                                        build/system_stm32f1xx.o
                                                  build/startup_stm32f103xb.o
TAMPER_IRQHandler                                 build/startup_stm32f103xb.o
TIM1_BRK_IRQHandler                               build/startup_stm32f103xb.o
TIM1_CC_IRQHandler                                build/startup_stm32f103xb.o
TIM1_TRG_COM_IRQHandler                           build/startup_stm32f103xb.o
TIM1_UP_IRQHandler                                build/startup_stm32f103xb.o
TIM2_IRQHandler                                   build/startup_stm32f103xb.o
TIM3_IRQHandler                                   build/startup_stm32f103xb.o
TIM4_IRQHandler                                   build/startup_stm32f103xb.o
USART1_IRQHandler                                 build/startup_stm32f103xb.o
USART2_IRQHandler                                 build/startup_stm32f103xb.o
USART3_IRQHandler                                 build/startup_stm32f103xb.o
USBWakeUp_IRQHandler                              build/startup_stm32f103xb.o
USB_HP_CAN1_TX_IRQHandler                         build/startup_stm32f103xb.o
USB_LP_CAN1_RX0_IRQHandler                        build/startup_stm32f103xb.o
UsageFault_Handler                                build/stm32f1xx_it.o
WWDG_IRQHandler                                   build/startup_stm32f103xb.o
_Error_Handler                                    build/main.o
_Jv_RegisterClasses                               c:/program files (x86)/gnu tools arm embedded/5.4 2016q3/bin/../lib/gcc/arm-none-eabi/5.4.1/armv7-m/crtbegin.o
__bss_end__                                       c:/program files (x86)/gnu tools arm embedded/5.4 2016q3/bin/../lib/gcc/arm-none-eabi/5.4.1/../../../../arm-none-eabi/lib/armv7-m/crt0.o
__bss_start__                                     c:/program files (x86)/gnu tools arm embedded/5.4 2016q3/bin/../lib/gcc/arm-none-eabi/5.4.1/../../../../arm-none-eabi/lib/armv7-m/crt0.o
__call_exitprocs                                  c:/program files (x86)/gnu tools arm embedded/5.4 2016q3/bin/../lib/gcc/arm-none-eabi/5.4.1/../../../../arm-none-eabi/lib/armv7-m\libc_nano.a(lib_a-exit.o)
__deregister_frame_info                           c:/program files (x86)/gnu tools arm embedded/5.4 2016q3/bin/../lib/gcc/arm-none-eabi/5.4.1/armv7-m/crtbegin.o
__dso_handle                                      c:/program files (x86)/gnu tools arm embedded/5.4 2016q3/bin/../lib/gcc/arm-none-eabi/5.4.1/armv7-m/crtbegin.o
__init_array_end                                  c:/program files (x86)/gnu tools arm embedded/5.4 2016q3/bin/../lib/gcc/arm-none-eabi/5.4.1/../../../../arm-none-eabi/lib/armv7-m\libc_nano.a(lib_a-init.o)
__init_array_start                                c:/program files (x86)/gnu tools arm embedded/5.4 2016q3/bin/../lib/gcc/arm-none-eabi/5.4.1/../../../../arm-none-eabi/lib/armv7-m\libc_nano.a(lib_a-init.o)
__libc_fini_array                                 c:/program files (x86)/gnu tools arm embedded/5.4 2016q3/bin/../lib/gcc/arm-none-eabi/5.4.1/../../../../arm-none-eabi/lib/armv7-m/crt0.o
__libc_init_array                                 c:/program files (x86)/gnu tools arm embedded/5.4 2016q3/bin/../lib/gcc/arm-none-eabi/5.4.1/../../../../arm-none-eabi/lib/armv7-m\libc_nano.a(lib_a-init.o)
                                                  build/startup_stm32f103xb.o
                                                  c:/program files (x86)/gnu tools arm embedded/5.4 2016q3/bin/../lib/gcc/arm-none-eabi/5.4.1/../../../../arm-none-eabi/lib/armv7-m/crt0.o
__preinit_array_end                               c:/program files (x86)/gnu tools arm embedded/5.4 2016q3/bin/../lib/gcc/arm-none-eabi/5.4.1/../../../../arm-none-eabi/lib/armv7-m\libc_nano.a(lib_a-init.o)
__preinit_array_start                             c:/program files (x86)/gnu tools arm embedded/5.4 2016q3/bin/../lib/gcc/arm-none-eabi/5.4.1/../../../../arm-none-eabi/lib/armv7-m\libc_nano.a(lib_a-init.o)
__register_frame_info                             c:/program files (x86)/gnu tools arm embedded/5.4 2016q3/bin/../lib/gcc/arm-none-eabi/5.4.1/armv7-m/crtbegin.o
__sf_fake_stderr                                  c:/program files (x86)/gnu tools arm embedded/5.4 2016q3/bin/../lib/gcc/arm-none-eabi/5.4.1/../../../../arm-none-eabi/lib/armv7-m\libc_nano.a(lib_a-impure.o)
__sf_fake_stdin                                   c:/program files (x86)/gnu tools arm embedded/5.4 2016q3/bin/../lib/gcc/arm-none-eabi/5.4.1/../../../../arm-none-eabi/lib/armv7-m\libc_nano.a(lib_a-impure.o)
__sf_fake_stdout                                  c:/program files (x86)/gnu tools arm embedded/5.4 2016q3/bin/../lib/gcc/arm-none-eabi/5.4.1/../../../../arm-none-eabi/lib/armv7-m\libc_nano.a(lib_a-impure.o)
__stack                                           c:/program files (x86)/gnu tools arm embedded/5.4 2016q3/bin/../lib/gcc/arm-none-eabi/5.4.1/../../../../arm-none-eabi/lib/armv7-m/crt0.o
_ebss                                             build/startup_stm32f103xb.o
_edata                                            build/startup_stm32f103xb.o
_estack                                           build/startup_stm32f103xb.o
_exit                                             c:/program files (x86)/gnu tools arm embedded/5.4 2016q3/bin/../lib/gcc/arm-none-eabi/5.4.1/../../../../arm-none-eabi/lib/armv7-m\libnosys.a(_exit.o)
                                                  c:/program files (x86)/gnu tools arm embedded/5.4 2016q3/bin/../lib/gcc/arm-none-eabi/5.4.1/../../../../arm-none-eabi/lib/armv7-m\libc_nano.a(lib_a-exit.o)
_fini                                             c:/program files (x86)/gnu tools arm embedded/5.4 2016q3/bin/../lib/gcc/arm-none-eabi/5.4.1/armv7-m/crti.o
_global_impure_ptr                                c:/program files (x86)/gnu tools arm embedded/5.4 2016q3/bin/../lib/gcc/arm-none-eabi/5.4.1/../../../../arm-none-eabi/lib/armv7-m\libc_nano.a(lib_a-impure.o)
                                                  c:/program files (x86)/gnu tools arm embedded/5.4 2016q3/bin/../lib/gcc/arm-none-eabi/5.4.1/../../../../arm-none-eabi/lib/armv7-m\libc_nano.a(lib_a-exit.o)
_impure_ptr                                       c:/program files (x86)/gnu tools arm embedded/5.4 2016q3/bin/../lib/gcc/arm-none-eabi/5.4.1/../../../../arm-none-eabi/lib/armv7-m\libc_nano.a(lib_a-impure.o)
_init                                             c:/program files (x86)/gnu tools arm embedded/5.4 2016q3/bin/../lib/gcc/arm-none-eabi/5.4.1/armv7-m/crti.o
                                                  c:/program files (x86)/gnu tools arm embedded/5.4 2016q3/bin/../lib/gcc/arm-none-eabi/5.4.1/../../../../arm-none-eabi/lib/armv7-m\libc_nano.a(lib_a-init.o)
_mainCRTStartup                                   c:/program files (x86)/gnu tools arm embedded/5.4 2016q3/bin/../lib/gcc/arm-none-eabi/5.4.1/../../../../arm-none-eabi/lib/armv7-m/crt0.o
_sbss                                             build/startup_stm32f103xb.o
_sdata                                            build/startup_stm32f103xb.o
_sidata                                           build/startup_stm32f103xb.o
_start                                            c:/program files (x86)/gnu tools arm embedded/5.4 2016q3/bin/../lib/gcc/arm-none-eabi/5.4.1/../../../../arm-none-eabi/lib/armv7-m/crt0.o
atexit                                            c:/program files (x86)/gnu tools arm embedded/5.4 2016q3/bin/../lib/gcc/arm-none-eabi/5.4.1/../../../../arm-none-eabi/lib/armv7-m/crt0.o
encoder_gpio_event                                build/encoder.o
                                                  build/stm32f1xx_it.o
encoder_x                                         build/main.o
                                                  build/stm32f1xx_it.o
encoder_x_event_handler                           build/main.o
exit                                              c:/program files (x86)/gnu tools arm embedded/5.4 2016q3/bin/../lib/gcc/arm-none-eabi/5.4.1/../../../../arm-none-eabi/lib/armv7-m\libc_nano.a(lib_a-exit.o)
                                                  c:/program files (x86)/gnu tools arm embedded/5.4 2016q3/bin/../lib/gcc/arm-none-eabi/5.4.1/../../../../arm-none-eabi/lib/armv7-m/crt0.o
g_pfnVectors                                      build/startup_stm32f103xb.o
hardware_init_hook                                c:/program files (x86)/gnu tools arm embedded/5.4 2016q3/bin/../lib/gcc/arm-none-eabi/5.4.1/../../../../arm-none-eabi/lib/armv7-m/crt0.o
main                                              build/main.o
                                                  build/startup_stm32f103xb.o
                                                  c:/program files (x86)/gnu tools arm embedded/5.4 2016q3/bin/../lib/gcc/arm-none-eabi/5.4.1/../../../../arm-none-eabi/lib/armv7-m/crt0.o
memset                                            c:/program files (x86)/gnu tools arm embedded/5.4 2016q3/bin/../lib/gcc/arm-none-eabi/5.4.1/../../../../arm-none-eabi/lib/armv7-m\libc_nano.a(lib_a-memset.o)
                                                  c:/program files (x86)/gnu tools arm embedded/5.4 2016q3/bin/../lib/gcc/arm-none-eabi/5.4.1/../../../../arm-none-eabi/lib/armv7-m/crt0.o
pFlash                                            build/stm32f1xx_hal_flash.o
                                                  build/stm32f1xx_hal_flash_ex.o
software_init_hook                                c:/program files (x86)/gnu tools arm embedded/5.4 2016q3/bin/../lib/gcc/arm-none-eabi/5.4.1/../../../../arm-none-eabi/lib/armv7-m/crt0.o
uwTick                                            build/stm32f1xx_hal.o
uwTickFreq                                        build/stm32f1xx_hal.o
uwTickPrio                                        build/stm32f1xx_hal.o
